// Jest Snapshot v1, https://goo.gl/fbAQLP

exports[`Quick Deployment component renders correctly 1`] = `
<div
  class="MuiGrid-root MuiGrid-container MuiGrid-spacing-xs-2 MuiGrid-align-items-xs-center MuiGrid-justify-content-xs-space-between"
>
  <div
    class="MuiGrid-root MuiGrid-item MuiGrid-grid-xs-3"
  >
    <p
      class="MuiTypography-root makeStyles-deploymentText MuiTypography-body1"
      id="choose_application_to_deploy"
    >
       
      Choose the application you want to deploy
       
    </p>
  </div>
  <div
    class="MuiGrid-root MuiGrid-item MuiGrid-grid-xs-3"
  >
    <button
      class="MuiButtonBase-root MuiButton-root MuiButton-outlined makeStyles-deploymentButton"
      id="dockerhub-deployment-button"
      tabindex="0"
      type="button"
    >
      <span
        class="MuiButton-label"
      >
        Create a Quick Deployment
      </span>
      <span
        class="MuiTouchRipple-root"
      />
    </button>
  </div>
</div>
`;
