// Jest Snapshot v1, https://goo.gl/fbAQLP

exports[`EnvironmentCloudVendor component renders correctly 1`] = `
<div
  class="MuiGrid-root MuiGrid-item"
>
  <div
    class="MuiBox-root MuiBox-root"
  >
    <div
      class="MuiBox-root MuiBox-root"
    >
      <i
        aria-hidden="true"
        class="la la-cloud makeStyles-icon makeStyles-default makeStyles-default"
        role="presentation"
      />
    </div>
    <div
      class="MuiBox-root MuiBox-root"
    >
      <p
        class="MuiTypography-root makeStyles-serviceDetails MuiTypography-body1"
        id="INSTANCE_DETAILS_ENVIRONMENT_SERVICE_NAME"
      >
        <span
          class="makeStyles-serviceName"
        >
          Elastic Container Service for Kubernetes
        </span>
         - 
        <span>
          AWS
        </span>
      </p>
      <p
        class="MuiTypography-root makeStyles-serviceDetails MuiTypography-body1"
        id="INSTANCE_DETAILS_ENVIRONMENT_DESCRIPTION"
      >
        aslkd adsg aslgd ll
      </p>
      <div
        class="MuiGrid-root MuiGrid-container MuiGrid-item"
      >
        <p
          class="MuiTypography-root makeStyles-serviceDetails MuiTypography-body1"
          id="INSTANCE_DETAILS_ENVIRONMENT_IP_ADDRESS"
        >
          <span
            class="makeStyles-boldText"
          >
            IP Address
            :
          </span>
           
          127.0.0.1
        </p>
        <p
          class="MuiTypography-root makeStyles-serviceDetails MuiTypography-body1"
          id="INSTANCE_DETAILS_ENVIRONMENT_HOSTNAME"
        >
          <span
            class="makeStyles-boldText"
          >
            Host Name
            :
          </span>
           
          temp-host
        </p>
      </div>
    </div>
  </div>
</div>
`;
